<html>
<body>
<pre>
<h1>µVision Build Log</h1>
<h2>Project:</h2>
D:\ARM\ARM_LPC\Projects\E\Ext.uvproj
Project File Date:  04/26/2017

<h2>Output:</h2>
Build target 'Target 1'
assembling Startup.s...
compiling Ext.c...
Ext.c(58): warning:  #1-D: last line of file ends without a newline
Ext.c:   }
Ext.c:    ^
Ext.c: Ext.c: 1 warning, 0 errors
linking...
Program Size: Code=1080 RO-data=32 RW-data=8 ZI-data=1256  
FromELF: creating hex file...
"Ext.axf" - 0 Error(s), 1 Warning(s).
